
> react-typescript-starter@0.1.0 test
> react-scripts test --coverage

  console.error
    Warning: validateDOMNesting(...): <th> cannot appear as a child of <thead>.
        at th
        at thead
        at table
        at /home/runner/work/CISC275-Project-Main/CISC275-Project-Main/node_modules/react-bootstrap/cjs/Table.js:14:3
        at div
        at Year (/home/runner/work/CISC275-Project-Main/CISC275-Project-Main/src/viewCourseComponents.tsx:45:5)
        at div
        at App (/home/runner/work/CISC275-Project-Main/CISC275-Project-Main/src/App.tsx:80:46)

      4 |
      5 | test("renders the program title", () => {
    > 6 |     render(<App />);
        |           ^
      7 |     const linkElement = screen.getByText(/CIS Scheduler/i);
      8 |     expect(linkElement).toBeInTheDocument();
      9 | });

      at printWarning (node_modules/react-dom/cjs/react-dom.development.js:67:30)
      at error (node_modules/react-dom/cjs/react-dom.development.js:43:5)
      at validateDOMNesting (node_modules/react-dom/cjs/react-dom.development.js:10081:7)
      at createInstance (node_modules/react-dom/cjs/react-dom.development.js:10181:5)
      at completeWork (node_modules/react-dom/cjs/react-dom.development.js:19464:28)
      at completeUnitOfWork (node_modules/react-dom/cjs/react-dom.development.js:22812:16)
      at performUnitOfWork (node_modules/react-dom/cjs/react-dom.development.js:22787:5)
      at workLoopSync (node_modules/react-dom/cjs/react-dom.development.js:22707:5)
      at renderRootSync (node_modules/react-dom/cjs/react-dom.development.js:22670:7)
      at performSyncWorkOnRoot (node_modules/react-dom/cjs/react-dom.development.js:22293:18)
      at scheduleUpdateOnFiber (node_modules/react-dom/cjs/react-dom.development.js:21881:7)
      at updateContainer (node_modules/react-dom/cjs/react-dom.development.js:25482:3)
      at node_modules/react-dom/cjs/react-dom.development.js:26021:7
      at unbatchedUpdates (node_modules/react-dom/cjs/react-dom.development.js:22431:12)
      at legacyRenderSubtreeIntoContainer (node_modules/react-dom/cjs/react-dom.development.js:26020:5)
      at Object.render (node_modules/react-dom/cjs/react-dom.development.js:26103:10)
      at node_modules/@testing-library/react/dist/pure.js:101:25
      at batchedUpdates$1 (node_modules/react-dom/cjs/react-dom.development.js:22380:12)
      at act (node_modules/react-dom/cjs/react-dom-test-utils.development.js:1042:14)
      at render (node_modules/@testing-library/react/dist/pure.js:97:26)
      at Object.<anonymous> (src/App.test.tsx:6:11)
      at TestScheduler.scheduleTests (node_modules/@jest/core/build/TestScheduler.js:333:13)
      at runJest (node_modules/@jest/core/build/runJest.js:404:19)
      at _run10000 (node_modules/@jest/core/build/cli/index.js:320:7)
      at runCLI (node_modules/@jest/core/build/cli/index.js:173:3)

  console.error
    Warning: validateDOMNesting(...): Whitespace text nodes cannot appear as a child of <tr>. Make sure you don't have any extra whitespace between tags on each line of your source code.
        at tr
        at thead
        at table
        at /home/runner/work/CISC275-Project-Main/CISC275-Project-Main/node_modules/react-bootstrap/cjs/Table.js:14:3
        at Semester (/home/runner/work/CISC275-Project-Main/CISC275-Project-Main/src/viewCourseComponents.tsx:11:5)
        at td
        at tr
        at table
        at /home/runner/work/CISC275-Project-Main/CISC275-Project-Main/node_modules/react-bootstrap/cjs/Table.js:14:3
        at div
        at Year (/home/runner/work/CISC275-Project-Main/CISC275-Project-Main/src/viewCourseComponents.tsx:45:5)
        at div
        at App (/home/runner/work/CISC275-Project-Main/CISC275-Project-Main/src/App.tsx:80:46)

      4 |
      5 | test("renders the program title", () => {
    > 6 |     render(<App />);
        |           ^
      7 |     const linkElement = screen.getByText(/CIS Scheduler/i);
      8 |     expect(linkElement).toBeInTheDocument();
      9 | });

      at printWarning (node_modules/react-dom/cjs/react-dom.development.js:67:30)
      at error (node_modules/react-dom/cjs/react-dom.development.js:43:5)
      at validateDOMNesting (node_modules/react-dom/cjs/react-dom.development.js:10081:7)
      at createTextInstance (node_modules/react-dom/cjs/react-dom.development.js:10223:5)
      at completeWork (node_modules/react-dom/cjs/react-dom.development.js:19514:40)
      at completeUnitOfWork (node_modules/react-dom/cjs/react-dom.development.js:22812:16)
      at performUnitOfWork (node_modules/react-dom/cjs/react-dom.development.js:22787:5)
      at workLoopSync (node_modules/react-dom/cjs/react-dom.development.js:22707:5)
      at renderRootSync (node_modules/react-dom/cjs/react-dom.development.js:22670:7)
      at performSyncWorkOnRoot (node_modules/react-dom/cjs/react-dom.development.js:22293:18)
      at scheduleUpdateOnFiber (node_modules/react-dom/cjs/react-dom.development.js:21881:7)
      at updateContainer (node_modules/react-dom/cjs/react-dom.development.js:25482:3)
      at node_modules/react-dom/cjs/react-dom.development.js:26021:7
      at unbatchedUpdates (node_modules/react-dom/cjs/react-dom.development.js:22431:12)
      at legacyRenderSubtreeIntoContainer (node_modules/react-dom/cjs/react-dom.development.js:26020:5)
      at Object.render (node_modules/react-dom/cjs/react-dom.development.js:26103:10)
      at node_modules/@testing-library/react/dist/pure.js:101:25
      at batchedUpdates$1 (node_modules/react-dom/cjs/react-dom.development.js:22380:12)
      at act (node_modules/react-dom/cjs/react-dom-test-utils.development.js:1042:14)
      at render (node_modules/@testing-library/react/dist/pure.js:97:26)
      at Object.<anonymous> (src/App.test.tsx:6:11)
      at TestScheduler.scheduleTests (node_modules/@jest/core/build/TestScheduler.js:333:13)
      at runJest (node_modules/@jest/core/build/runJest.js:404:19)
      at _run10000 (node_modules/@jest/core/build/cli/index.js:320:7)
      at runCLI (node_modules/@jest/core/build/cli/index.js:173:3)

  console.error
    Warning: validateDOMNesting(...): <tr> cannot appear as a child of <table>. Add a <tbody>, <thead> or <tfoot> to your code to match the DOM tree generated by the browser.
        at tr
        at table
        at /home/runner/work/CISC275-Project-Main/CISC275-Project-Main/node_modules/react-bootstrap/cjs/Table.js:14:3
        at div
        at Year (/home/runner/work/CISC275-Project-Main/CISC275-Project-Main/src/viewCourseComponents.tsx:45:5)
        at div
        at App (/home/runner/work/CISC275-Project-Main/CISC275-Project-Main/src/App.tsx:80:46)

      4 |
      5 | test("renders the program title", () => {
    > 6 |     render(<App />);
        |           ^
      7 |     const linkElement = screen.getByText(/CIS Scheduler/i);
      8 |     expect(linkElement).toBeInTheDocument();
      9 | });

      at printWarning (node_modules/react-dom/cjs/react-dom.development.js:67:30)
      at error (node_modules/react-dom/cjs/react-dom.development.js:43:5)
      at validateDOMNesting (node_modules/react-dom/cjs/react-dom.development.js:10081:7)
      at createInstance (node_modules/react-dom/cjs/react-dom.development.js:10181:5)
      at completeWork (node_modules/react-dom/cjs/react-dom.development.js:19464:28)
      at completeUnitOfWork (node_modules/react-dom/cjs/react-dom.development.js:22812:16)
      at performUnitOfWork (node_modules/react-dom/cjs/react-dom.development.js:22787:5)
      at workLoopSync (node_modules/react-dom/cjs/react-dom.development.js:22707:5)
      at renderRootSync (node_modules/react-dom/cjs/react-dom.development.js:22670:7)
      at performSyncWorkOnRoot (node_modules/react-dom/cjs/react-dom.development.js:22293:18)
      at scheduleUpdateOnFiber (node_modules/react-dom/cjs/react-dom.development.js:21881:7)
      at updateContainer (node_modules/react-dom/cjs/react-dom.development.js:25482:3)
      at node_modules/react-dom/cjs/react-dom.development.js:26021:7
      at unbatchedUpdates (node_modules/react-dom/cjs/react-dom.development.js:22431:12)
      at legacyRenderSubtreeIntoContainer (node_modules/react-dom/cjs/react-dom.development.js:26020:5)
      at Object.render (node_modules/react-dom/cjs/react-dom.development.js:26103:10)
      at node_modules/@testing-library/react/dist/pure.js:101:25
      at batchedUpdates$1 (node_modules/react-dom/cjs/react-dom.development.js:22380:12)
      at act (node_modules/react-dom/cjs/react-dom-test-utils.development.js:1042:14)
      at render (node_modules/@testing-library/react/dist/pure.js:97:26)
      at Object.<anonymous> (src/App.test.tsx:6:11)
      at TestScheduler.scheduleTests (node_modules/@jest/core/build/TestScheduler.js:333:13)
      at runJest (node_modules/@jest/core/build/runJest.js:404:19)
      at _run10000 (node_modules/@jest/core/build/cli/index.js:320:7)
      at runCLI (node_modules/@jest/core/build/cli/index.js:173:3)

  console.error
    Warning: Received `true` for a non-boolean attribute `table-bordered`.
    
    If you want to write it to the DOM, pass a string instead: table-bordered="true" or table-bordered={value.toString()}.
        at table
        at /home/runner/work/CISC275-Project-Main/CISC275-Project-Main/node_modules/react-bootstrap/cjs/Table.js:14:3
        at div
        at Year (/home/runner/work/CISC275-Project-Main/CISC275-Project-Main/src/viewCourseComponents.tsx:45:5)
        at div
        at App (/home/runner/work/CISC275-Project-Main/CISC275-Project-Main/src/App.tsx:80:46)

      4 |
      5 | test("renders the program title", () => {
    > 6 |     render(<App />);
        |           ^
      7 |     const linkElement = screen.getByText(/CIS Scheduler/i);
      8 |     expect(linkElement).toBeInTheDocument();
      9 | });

      at printWarning (node_modules/react-dom/cjs/react-dom.development.js:67:30)
      at error (node_modules/react-dom/cjs/react-dom.development.js:43:5)
      at validateProperty$1 (node_modules/react-dom/cjs/react-dom.development.js:3521:9)
      at warnUnknownProperties (node_modules/react-dom/cjs/react-dom.development.js:3559:21)
      at validateProperties$2 (node_modules/react-dom/cjs/react-dom.development.js:3583:3)
      at validatePropertiesInDevelopment (node_modules/react-dom/cjs/react-dom.development.js:8765:5)
      at setInitialProperties (node_modules/react-dom/cjs/react-dom.development.js:9041:5)
      at finalizeInitialChildren (node_modules/react-dom/cjs/react-dom.development.js:10201:3)
      at completeWork (node_modules/react-dom/cjs/react-dom.development.js:19470:17)
      at completeUnitOfWork (node_modules/react-dom/cjs/react-dom.development.js:22812:16)
      at performUnitOfWork (node_modules/react-dom/cjs/react-dom.development.js:22787:5)
      at workLoopSync (node_modules/react-dom/cjs/react-dom.development.js:22707:5)
      at renderRootSync (node_modules/react-dom/cjs/react-dom.development.js:22670:7)
      at performSyncWorkOnRoot (node_modules/react-dom/cjs/react-dom.development.js:22293:18)
      at scheduleUpdateOnFiber (node_modules/react-dom/cjs/react-dom.development.js:21881:7)
      at updateContainer (node_modules/react-dom/cjs/react-dom.development.js:25482:3)
      at node_modules/react-dom/cjs/react-dom.development.js:26021:7
      at unbatchedUpdates (node_modules/react-dom/cjs/react-dom.development.js:22431:12)
      at legacyRenderSubtreeIntoContainer (node_modules/react-dom/cjs/react-dom.development.js:26020:5)
      at Object.render (node_modules/react-dom/cjs/react-dom.development.js:26103:10)
      at node_modules/@testing-library/react/dist/pure.js:101:25
      at batchedUpdates$1 (node_modules/react-dom/cjs/react-dom.development.js:22380:12)
      at act (node_modules/react-dom/cjs/react-dom-test-utils.development.js:1042:14)
      at render (node_modules/@testing-library/react/dist/pure.js:97:26)
      at Object.<anonymous> (src/App.test.tsx:6:11)
      at TestScheduler.scheduleTests (node_modules/@jest/core/build/TestScheduler.js:333:13)
      at runJest (node_modules/@jest/core/build/runJest.js:404:19)
      at _run10000 (node_modules/@jest/core/build/cli/index.js:320:7)
      at runCLI (node_modules/@jest/core/build/cli/index.js:173:3)

FAIL src/App.test.tsx
  ✓ renders the program title (159 ms)
  ✓ renders Import CSV button (21 ms)
  ✓ renders export CSV button (23 ms)
  ✓ renders add course (24 ms)
  ✓ renders names (16 ms)
  ✓ Add Course Button works (103 ms)
  ✕ Users can delete courses (38 ms)
  ✕ Users can add courses (50 ms)

  ● Users can delete courses

    expect(received).toBeInTheDocument()

    received value must be an HTMLElement or an SVGElement.
    Received has value: null

      57 |     button.click();
      58 |     expect(screen.queryByLabelText("Name:")).toBeInTheDocument();
    > 59 |     expect(screen.queryByLabelText("Ticker:")).toBeInTheDocument();
         |                                                ^
      60 |     expect(screen.queryByLabelText("Credits:")).toBeInTheDocument();
      61 |     const DeleteButton = screen.getByText(/Delete Course/i);
      62 |     DeleteButton.click();

      at __EXTERNAL_MATCHER_TRAP__ (node_modules/expect/build/index.js:386:30)
      at Object.toBeInTheDocument (node_modules/expect/build/index.js:387:15)
      at Object.<anonymous> (src/App.test.tsx:59:48)
      at TestScheduler.scheduleTests (node_modules/@jest/core/build/TestScheduler.js:333:13)
      at runJest (node_modules/@jest/core/build/runJest.js:404:19)
      at _run10000 (node_modules/@jest/core/build/cli/index.js:320:7)
      at runCLI (node_modules/@jest/core/build/cli/index.js:173:3)

  ● Users can add courses

    TestingLibraryElementError: Unable to find an element with the text: /Add The Course/i. This could be because the text is broken up by multiple elements. In this case, you can provide a function for your text matcher to make your matcher more flexible.

    Ignored nodes: comments, script, style
    [36m<body[39m
      [33mclass[39m=[32m"modal-open"[39m
      [33mdata-rr-ui-modal-open[39m=[32m""[39m
      [33mstyle[39m=[32m"padding-right: 2048px;"[39m
    [36m>[39m
      [36m<div>[39m
        [36m<div[39m
          [33mclass[39m=[32m"App"[39m
        [36m>[39m
          [36m<div[39m
            [33mclass[39m=[32m"logo"[39m
          [36m>[39m
            [36m<h1[39m
              [33mclass[39m=[32m"App-title"[39m
            [36m>[39m
              [36m<img[39m
                [33mheight[39m=[32m"150"[39m
                [33msrc[39m=[32m"ud_logo.jpg"[39m
                [33mwidth[39m=[32m"150"[39m
              [36m/>[39m
              [0mCIS Scheduler[0m
              [0m [0m
            [36m</h1>[39m
          [36m</div>[39m
          [36m<header[39m
            [33mclass[39m=[32m"App-header"[39m
          [36m>[39m
            [0mAdam Beck, Zach Reggio, Sam Ferguson, Brandon Marafino, Adam Liu[0m
          [36m</header>[39m
          [36m<div[39m
            [33mclass[39m=[32m"button"[39m
          [36m>[39m
            [36m<button[39m
              [33mclass[39m=[32m"buttonSpacing"[39m
            [36m>[39m
              [0mCreate New Plan[0m
            [36m</button>[39m
            [36m<button>[39m
              [0mImport CSV[0m
            [36m</button>[39m
            [36m<button>[39m
              [0mAdd Course[0m
            [36m</button>[39m
            [36m<button>[39m
              [0mClear Courses[0m
            [36m</button>[39m
          [36m</div>[39m
          [36m<div[39m
            [33mclass[39m=[32m"d-inline-flex"[39m
          [36m>[39m
            [36m<table[39m
              [33mclass[39m=[32m"tight table table-striped table-bordered table-hover"[39m
            [36m>[39m
              [36m<thead>[39m
                [36m<th>[39m
                  [0mFall[0m
                [36m</th>[39m
                [36m<th>[39m
                  [0mSpring[0m
                [36m</th>[39m
              [36m</thead>[39m
              [36m<tr>[39m
                [36m<td>[39m
                  [36m<table[39m
                    [33mclass[39m=[32m"tight table table-striped table-bordered table-hover"[39m
                  [36m>[39m
                    [36m<thead>[39m
                      [36m<tr>[39m
                        [36m<th>[39m
                          [0mCourse ID[0m
                        [36m</th>[39m
                        [0m [0m
                        [36m<th>[39m
                          [0mName[0m
                        [36m</th>[39m
                        [36m<th>[39m
                          [0mCredits[0m
                        [36m</th>[39m
                      [36m</tr>[39m
                    [36m</thead>[39m
                    [36m<tbody>[39m
                      [36m<tr>[39m
                        [36m<td>[39m
                          [0mCISC108[0m
                        [36m</td>[39m
                        [36m<td>[39m
                          [0mIntroduction to Computer Science I[0m
                        [36m</td>[39m
                        [36m<td>[39m
                          [0m3[0m
                        [36m</td>[39m
                      [36m</tr>[39m
                      [36m<tr>[39m
                        [36m<td>[39m
                          [0mEGGG101[0m
                        [36m</td>[39m
                        [36m<td>[39m
                          [0mIntroduction to Engineering (FYE)[0m
                        [36m</td>[39m
                        [36m<td>[39m
                          [0m2[0m
                        [36m</td>[39m
                      [36m</tr>[39m
                      [36m<tr>[39m
                        [36m<td>[39m
                          [0mENGL110[0m
                        [36m</td>[39m
                        [36m<td>[39m
                          [0mSeminar in Composition[0m
                        [36m</td>[39m
                        [36m<td>[39m
                          [0m3[0m
                        [36m</td>[39m
                      [36m</tr>[39m
                      [36m<tr>[39m
                        [36m<td>[39m
                          [0mMATH241[0m
                        [36m</td>[39m
                        [36m<td>[39m
                          [0mAnalytic Geometry & Calculus A[0m
                        [36m</td>[39m
                        [36m<td>[39m
                          [0m4[0m
                        [36m</td>[39m
                      [36m</tr>[39m
                    [36m</tbody>[39m
                  [36m</table>[39m
                [36m</td>[39m
                [36m<td>[39m
                  [36m<table[39m
                    [33mclass[39m=[32m"tight table table-striped table-bordered table-hover"[39m
                  [36m>[39m
                    [36m<thead>[39m
                      [36m<tr>[39m
                        [36m<th>[39m
                          [0mCourse ID[0m
                        [36m</th>[39m
                        [0m [0m
                        [36m<th>[39m
                          [0mName[0m
                        [36m</th>[39m
                        [36m<th>[39m
                          [0mCredits[0m
                        [36m</th>[39m
                      [36m</tr>[39m
                    [36m</thead>[39m
                    [36m<tbody>[39m
                      [36m<tr>[39m
                        [36m<td>[39m
                          [0mCISC181[0m
                        [36m</td>[39m
                        [36m<td>[39m
                          [0mIntroduction to Computer Science II[0m
                        [36m</td>[39m
                        [36m<td>[39m
                          [0m3[0m
                        [36m</td>[39m
                      [36m</tr>[39m
                      [36m<tr>[39m
                        [36m<td>[39m
                          [0mCISC210[0m
                        [36m</td>[39m
                        [36m<td>[39m
                          [0mIntroduction to Systems Programming[0m
                        [36m</td>[39m
                        [36m<td>[39m
                          [0m3[0m
                        [36m</td>[39m
                      [36m</tr>[39m
                      [36m<tr>[39m
                        [36m<td>[39m
                          [0mCISC355[0m
                        [36m</td>[39m
                        [36m<td>[39m
                          [0mComputers, Ethics & Society[0m
                        [36m</td>[39m
                        [36m<td>[39m
                          [0m3[0m
                        [36m</td>[39m
                      [36m</tr>[39m
                      [36m<tr>[39m
                        [36m<td>[39m
                          [0mMATH242[0m
                        [36m</td>[39m
                        [36m<td>[39m
                          [0mAnalytic Geometry & Calculus B[0m
                        [36m</td>[39m
                        [36m<td>[39m
                          [0m4[0m
                        [36m</td>[39m
                      [36m</tr>[39m
                    [36m</tbody>[39m
                  [36m</table>[39m
                [36m</td>[39m
              [36m</tr>[39m
            [36m</table>[39m
          [36m</div>[39m
          [36m<div />[39m
        [36m</div>[39m
      [36m</div>[39m
      [36m<div[39m
        [33mclass[39m=[32m"fade modal-backdrop show"[39m
      [36m/>[39m
      [36m<div[39m
        [33maria-modal[39m=[32m"true"[39m
        [33mclass[39m=[32m"fade modal show"[39m
        [33mrole[39m=[32m"dialog"[39m
        [33mstyle[39m=[32m"display: block; padding-right: 0px;"[39m
        [33mtabindex[39m=[32m"-1"[39m
      [36m>[39m
        [36m<div[39m
          [33mclass[39m=[32m"modal-dialog"[39m
        [36m>[39m
          [36m<div[39m
            [33mclass[39m=[32m"modal-content"[39m
          [36m>[39m
            [36m<div[39m
              [33mclass[39m=[32m"modal-header"[39m
            [36m>[39m
              [36m<div[39m
                [33mclass[39m=[32m"modal-title h4"[39m
              [36m>[39m
                [0mAdd Course[0m
              [36m</div>[39m
              [36m<button[39m
                [33maria-label[39m=[32m"Close"[39m
                [33mclass[39m=[32m"btn-close"[39m
                [33mtype[39m=[32m"button"[39m
              [36m/>[39m
            [36m</div>[39m
            [36m<div[39m
              [33mclass[39m=[32m"modal-body"[39m
            [36m>[39m
              [36m<form[39m
                [33mclass[39m=[32m""[39m
              [36m>[39m
                [36m<div>[39m
                  [36m<label[39m
                    [33mclass[39m=[32m"form-label"[39m
                    [33mfor[39m=[32m"formCourseName"[39m
                  [36m>[39m
                    [0mCourse Name:[0m
                  [36m</label>[39m
                  [36m<input[39m
                    [33mclass[39m=[32m"form-control"[39m
                    [33mid[39m=[32m"formCourseName"[39m
                    [33mtype[39m=[32m"text"[39m
                    [33mvalue[39m=[32m""[39m
                  [36m/>[39m
                [36m</div>[39m
                [36m<div>[39m
                  [36m<label[39m
                    [33mclass[39m=[32m"form-label"[39m
                    [33mfor[39m=[32m"formCourseTicker"[39m
                  [36m>[39m
                    [0mCourse Ticker:[0m
                  [36m</label>[39m
                  [36m<input[39m
                    [33mclass[39m=[32m"form-control"[39m
                    [33mid[39m=[32m"formCourseTicker"[39m
                    [33mtype[39m=[32m"text"[39m
                    [33mvalue[39m=[32m""[39m
                  [36m/>[39m
                [36m</div>[39m
                [36m<div>[39m
                  [36m<label[39m
                    [33mclass[39m=[32m"form-label"[39m
                    [33mfor[39m=[32m"formCourseCredits"[39m
                  [36m>[39m
                    [0mCredits:[0m
                  [36m</label>[39m
                  [36m<input[39m
                    [33mclass[39m=[32m"form-control"[39m
                    [33mid[39m=[32m"formCourseCredits"[39m
                    [33mtype[39m=[32m"number"[39m
                    [33mvalue[39m=[32m"0"[39m
                  [36m/>[39m
                [36m</div>[39m
                [36m<div>[39m
                  [36m<label[39m
                    [33mclass[39m=[32m"form-label"[39m
                    [33mfor[39m=[32m"formCoursePrereqs"[39m
                  [36m>[39m
                    [0mPrerequisites:[0m
                  [36m</label>[39m
                  [36m<input[39m
                    [33mclass[39m=[32m"form-control"[39m
                    [33mid[39m=[32m"formCoursePrereqs"[39m
                    [33mtype[39m=[32m"text"[39m
                    [33mvalue[39m=[32m""[39m
                  [36m/>[39m
                [36m</div>[39m
                [36m<div>[39m
                  [36m<label[39m
                    [33mclass[39m=[32m"form-label"[39m
                    [33mfor[39m=[32m"formSemesterSelect"[39m
                  [36m>[39m
                    [0mSemester:[0m
                  [36m</label>[39m
                  [36m<select[39m
                    [33mclass[39m=[32m"form-control"[39m
                    [33mid[39m=[32m"formSemesterSelect"[39m
                  [36m>[39m
                    [36m<option[39m
                      [33mvalue[39m=[32m""[39m
                    [36m>[39m
                      [0mSelect Semester[0m
                    [36m</option>[39m
                    [36m<option[39m
                      [33mvalue[39m=[32m"firstsemester"[39m
                    [36m>[39m
                      [0mFirst Semester[0m
                    [36m</option>[39m
                    [36m<option[39m
                      [33mvalue[39m=[32m"secondsemester"[39m
                    [36m>[39m
                      [0mSecond Semester[0m
                    [36m</option>[39m
                  [36m</select>[39m
                [36m</div>[39m
              [36m</form>[39m
            [36m</div>[39m
            [36m<div[39m
              [33mclass[39m=[32m"modal-footer"[39m
            [36m>[39m
              [36m<button[39m
                [33mclass[39m=[32m"btn btn-secondary"[39m
                [33mtype[39m=[32m"button"[39m
              [36m>[39m
                [0mClose[0m
              [36m</button>[39m
              [36m<button[39m
                [33mclass[39m=[32m"btn btn-primary"[39m
                [33mtype[39m=[32m"button"[39m
              [36m>[39m
                [0mAdd Course[0m
              [36m</button>[39m
            [36m</div>[39m
          [36m</div>[39m
        [36m</div>[39m
      [36m</div>[39m
    [36m</body>[39m

      78 |     secondSem.click();
      79 |     //need to change the button title for test to work or need to fix test later
    > 80 |     const button2 = screen.getByText(/Add The Course/i);
         |                            ^
      81 |     button2.click();
      82 |     expect(screen.getByText(/0/i)).toBeInTheDocument();
      83 | });

      at Object.getElementError (node_modules/@testing-library/react/node_modules/@testing-library/dom/dist/config.js:37:19)
      at node_modules/@testing-library/react/node_modules/@testing-library/dom/dist/query-helpers.js:76:38
      at node_modules/@testing-library/react/node_modules/@testing-library/dom/dist/query-helpers.js:52:17
      at getByText (node_modules/@testing-library/react/node_modules/@testing-library/dom/dist/query-helpers.js:95:19)
      at Object.<anonymous> (src/App.test.tsx:80:28)
      at TestScheduler.scheduleTests (node_modules/@jest/core/build/TestScheduler.js:333:13)
      at runJest (node_modules/@jest/core/build/runJest.js:404:19)
      at _run10000 (node_modules/@jest/core/build/cli/index.js:320:7)
      at runCLI (node_modules/@jest/core/build/cli/index.js:173:3)

[0;33mOne of your dependencies, babel-preset-react-app, is importing the
"@babel/plugin-proposal-private-property-in-object" package without
declaring it in its dependencies. This is currently working because
"@babel/plugin-proposal-private-property-in-object" is already in your
node_modules folder for unrelated reasons, but it [1mmay break at any time[0;33m.

babel-preset-react-app is part of the create-react-app project, [1mwhich
is not maintianed anymore[0;33m. It is thus unlikely that this bug will
ever be fixed. Add "@babel/plugin-proposal-private-property-in-object" to
your devDependencies to work around this error. This will make this message
go away.[0m
  
---------------------------|---------|----------|---------|---------|--------------------------------
File                       | % Stmts | % Branch | % Funcs | % Lines | Uncovered Line #s              
---------------------------|---------|----------|---------|---------|--------------------------------
All files                  |   54.34 |        0 |   31.57 |   53.93 |                                
 src                       |   54.34 |        0 |   31.57 |   53.93 |                                
  AddCourseModal.tsx       |    42.1 |        0 |   14.28 |    42.1 | 27-34,49-81                    
  App.tsx                  |      60 |        0 |   36.36 |   59.37 | 99-112,123,127,130-134,157-162 
  ClearCourseModal.tsx     |      50 |        0 |   33.33 |      50 | 20-22,36                       
  DBmanage.tsx             |       0 |        0 |       0 |       0 | 9-43                           
  EditModal.tsx            |      65 |      100 |   28.57 |      65 | 30-35,38-39,54-68              
  viewCourseComponents.tsx |     100 |      100 |     100 |     100 |                                
 src/interfaces            |       0 |        0 |       0 |       0 |                                
  course.ts                |       0 |        0 |       0 |       0 |                                
  degree.ts                |       0 |        0 |       0 |       0 |                                
  semester.ts              |       0 |        0 |       0 |       0 |                                
---------------------------|---------|----------|---------|---------|--------------------------------
Test Suites: 1 failed, 1 total
Tests:       2 failed, 6 passed, 8 total
Snapshots:   0 total
Time:        3.441 s
Ran all test suites.
